
user@user-PC MINGW32 ~
$ git config--global 9048811195
git: 'config--global' is not a git command. See 'git --help'.

user@user-PC MINGW32 ~
$ git config --global user.name 9048811195

user@user-PC MINGW32 ~
$ git config --user.email josephanitta406@gmail.com
error: unknown option `user.email'
usage: git config [<options>]

Config file location
    --global              use global config file
    --system              use system config file
    --local               use repository config file
    -f, --file <file>     use given config file
    --blob <blob-id>      read config from given blob object

Action
    --get                 get value: name [value-regex]
    --get-all             get all values: key [value-regex]
    --get-regexp          get values for regexp: name-regex [value-regex]
    --get-urlmatch        get value specific for the URL: section[.var] URL
    --replace-all         replace all matching variables: name value [value_regex]
    --add                 add a new variable: name value
    --unset               remove a variable: name [value-regex]
    --unset-all           remove all matches: name [value-regex]
    --rename-section      rename section: old-name new-name
    --remove-section      remove a section: name
    -l, --list            list all
    -e, --edit            open an editor
    --get-color           find the color configured: slot [default]
    --get-colorbool       find the color setting: slot [stdout-is-tty]

Type
    --bool                value is "true" or "false"
    --int                 value is decimal number
    --bool-or-int         value is --bool or --int
    --path                value is a path (file or directory name)

Other
    -z, --null            terminate values with NUL byte
    --name-only           show variable names only
    --includes            respect include directives on lookup
    --show-origin         show origin of config (file, standard input, blob, command line)


user@user-PC MINGW32 ~
$ git config --global user.email josephanitta406@gmail.com

user@user-PC MINGW32 ~
$ d:/
bash: d:/: Is a directory

user@user-PC MINGW32 ~
$ cd GIT
bash: cd: GIT: No such file or directory

user@user-PC MINGW32 ~
$ d:/
bash: d:/: Is a directory

user@user-PC MINGW32 ~
$ cd GIT
bash: cd: GIT: No such file or directory

user@user-PC MINGW32 ~
$ cd d:

user@user-PC MINGW32 /d
$ cd GIT

user@user-PC MINGW32 /d/GIT
$ git init
Initialized empty Git repository in D:/GIT/.git/

user@user-PC MINGW32 /d/GIT (master)
$ https://github.com/9048811195/mytest.git
bash: https://github.com/9048811195/mytest.git: No such file or directory

user@user-PC MINGW32 /d/GIT (master)
$ git pull origin master
fatal: 'origin' does not appear to be a git repository
fatal: Could not read from remote repository.

Please make sure you have the correct access rights
and the repository exists.

user@user-PC MINGW32 /d/GIT (master)
$ git remote add origin https://github.com/9048811195/mytest.git

user@user-PC MINGW32 /d/GIT (master)
$ git add new.txt

user@user-PC MINGW32 /d/GIT (master)
$ git commit -m "hai"
[master (root-commit) 169e7fb] hai
 1 file changed, 1 insertion(+)
 create mode 100644 new.txt

user@user-PC MINGW32 /d/GIT (master)
$ git push origin master
Username for 'https://github.com':
error: unable to read askpass response from 'C:/Program Files (x86)/Git/mingw32/libexec/git-core/git-gui--askpass'
Password for 'https://github.com':
remote: Anonymous access to 9048811195/mytest.git denied.
fatal: Authentication failed for 'https://github.com/9048811195/mytest.git/'

user@user-PC MINGW32 /d/GIT (master)
$ git push origin master
Username for 'https://github.com': 9048811195
remote: Invalid username or password.
fatal: Authentication failed for 'https://github.com/9048811195/mytest.git/'

user@user-PC MINGW32 /d/GIT (master)
$ git push origin master
Username for 'https://github.com': 9048811195
remote: Invalid username or password.
fatal: Authentication failed for 'https://github.com/9048811195/mytest.git/'

user@user-PC MINGW32 /d/GIT (master)
$ git push origin master
Username for 'https://github.com': 9048811195
Counting objects: 3, done.
Writing objects: 100% (3/3), 220 bytes | 0 bytes/s, done.
Total 3 (delta 0), reused 0 (delta 0)
To https://github.com/9048811195/mytest.git
 * [new branch]      master -> master

user@user-PC MINGW32 /d/GIT (master)
$ git config--global 9048811195
